
==========================================================================
resizer report_tns
--------------------------------------------------------------------------
tns 0.00

==========================================================================
resizer report_wns
--------------------------------------------------------------------------
wns 0.00

==========================================================================
resizer report_worst_slack
--------------------------------------------------------------------------
worst slack INF

==========================================================================
resizer report_checks -path_delay min
--------------------------------------------------------------------------
No paths found.

==========================================================================
resizer report_checks -path_delay max
--------------------------------------------------------------------------
No paths found.

==========================================================================
resizer report_checks -unconstrained
--------------------------------------------------------------------------
Startpoint: core.CPU_valid_taken_br_a4$_DFF_P_ (rising edge-triggered flip-flop)
Endpoint: core.CPU_Xreg_value_a4[15][30]$_SDFFE_PP0P_
          (rising edge-triggered flip-flop)
Path Group: unconstrained
Path Type: max

Fanout     Cap    Slew   Delay    Time   Description
-----------------------------------------------------------------------------
                  0.74    0.00    0.00 ^ core.CPU_valid_taken_br_a4$_DFF_P_/CLK (sky130_fd_sc_hd__dfxtp_1)
     2    0.01    0.04    0.46    0.46 v core.CPU_valid_taken_br_a4$_DFF_P_/Q (sky130_fd_sc_hd__dfxtp_1)
                                         core.CPU_valid_taken_br_a4 (net)
                  0.04    0.00    0.46 v _07913_/B (sky130_fd_sc_hd__or4_4)
    41    0.23    0.36    0.84    1.29 v _07913_/X (sky130_fd_sc_hd__or4_4)
                                         _02930_ (net)
                  0.36    0.02    1.31 v load_slew103/A (sky130_fd_sc_hd__buf_16)
    36    0.27    0.15    0.34    1.65 v load_slew103/X (sky130_fd_sc_hd__buf_16)
                                         net103 (net)
                  0.15    0.01    1.66 v max_cap102/A (sky130_fd_sc_hd__buf_16)
    24    0.27    0.14    0.26    1.92 v max_cap102/X (sky130_fd_sc_hd__buf_16)
                                         net102 (net)
                  0.16    0.04    1.96 v _07915_/A (sky130_fd_sc_hd__clkinv_16)
    43    0.47    0.30    0.25    2.21 ^ _07915_/Y (sky130_fd_sc_hd__clkinv_16)
                                         _02932_ (net)
                  0.37    0.11    2.31 ^ _09981_/C (sky130_fd_sc_hd__nor3_2)
     2    0.01    0.09    0.11    2.43 v _09981_/Y (sky130_fd_sc_hd__nor3_2)
                                         _04371_ (net)
                  0.09    0.00    2.43 v _09982_/B1 (sky130_fd_sc_hd__a21oi_4)
     6    0.10    0.68    0.55    2.98 ^ _09982_/Y (sky130_fd_sc_hd__a21oi_4)
                                         _04372_ (net)
                  0.68    0.00    2.98 ^ _09988_/A2 (sky130_fd_sc_hd__o21ai_4)
    16    0.10    0.29    0.34    3.32 v _09988_/Y (sky130_fd_sc_hd__o21ai_4)
                                         _04378_ (net)
                  0.29    0.00    3.32 v _11217_/A (sky130_fd_sc_hd__nor3_4)
    14    0.11    1.05    0.94    4.26 ^ _11217_/Y (sky130_fd_sc_hd__nor3_4)
                                         _05443_ (net)
                  1.05    0.00    4.26 ^ wire20/A (sky130_fd_sc_hd__buf_8)
    10    0.11    0.19    0.30    4.56 ^ wire20/X (sky130_fd_sc_hd__buf_8)
                                         net20 (net)
                  0.20    0.01    4.57 ^ _11238_/B (sky130_fd_sc_hd__nand2_4)
     5    0.04    0.22    0.13    4.70 v _11238_/Y (sky130_fd_sc_hd__nand2_4)
                                         _05460_ (net)
                  0.22    0.00    4.70 v _11292_/B1 (sky130_fd_sc_hd__o221ai_1)
     1    0.00    0.19    0.23    4.93 ^ _11292_/Y (sky130_fd_sc_hd__o221ai_1)
                                         _00727_ (net)
                  0.19    0.00    4.93 ^ core.CPU_Xreg_value_a4[15][30]$_SDFFE_PP0P_/D (sky130_fd_sc_hd__dfxtp_1)
                                  4.93   data arrival time
-----------------------------------------------------------------------------
(Path is unconstrained)



==========================================================================
resizer report_check_types -max_slew -max_cap -max_fanout -violators
--------------------------------------------------------------------------

==========================================================================
resizer max_slew_check_slack
--------------------------------------------------------------------------
0.07177769392728806

==========================================================================
resizer max_slew_check_limit
--------------------------------------------------------------------------
1.4951549768447876

==========================================================================
resizer max_slew_check_slack_limit
--------------------------------------------------------------------------
0.0480

==========================================================================
resizer max_fanout_check_slack
--------------------------------------------------------------------------
1.0000000150474662e+30

==========================================================================
resizer max_fanout_check_limit
--------------------------------------------------------------------------
1.0000000150474662e+30

==========================================================================
resizer max_capacitance_check_slack
--------------------------------------------------------------------------
0.006398351397365332

==========================================================================
resizer max_capacitance_check_limit
--------------------------------------------------------------------------
0.19043999910354614

==========================================================================
resizer max_capacitance_check_slack_limit
--------------------------------------------------------------------------
0.0336

==========================================================================
resizer max_slew_violation_count
--------------------------------------------------------------------------
max slew violation count 0

==========================================================================
resizer max_fanout_violation_count
--------------------------------------------------------------------------
max fanout violation count 0

==========================================================================
resizer max_cap_violation_count
--------------------------------------------------------------------------
max cap violation count 0

==========================================================================
resizer setup_violation_count
--------------------------------------------------------------------------
setup violation count 0

==========================================================================
resizer hold_violation_count
--------------------------------------------------------------------------
hold violation count 0

==========================================================================
resizer report_checks -path_delay max reg to reg
--------------------------------------------------------------------------
No paths found.

==========================================================================
resizer report_checks -path_delay min reg to reg
--------------------------------------------------------------------------
No paths found.

==========================================================================
resizer critical path target clock latency max path
--------------------------------------------------------------------------
0

==========================================================================
resizer critical path target clock latency min path
--------------------------------------------------------------------------
0

==========================================================================
resizer critical path source clock latency min path
--------------------------------------------------------------------------
0

==========================================================================
resizer critical path delay
--------------------------------------------------------------------------
-1

==========================================================================
resizer critical path slack
--------------------------------------------------------------------------
0

==========================================================================
resizer slack div critical path delay
--------------------------------------------------------------------------
0.000000

==========================================================================
resizer report_power
--------------------------------------------------------------------------
Group                  Internal  Switching    Leakage      Total
                          Power      Power      Power      Power (Watts)
----------------------------------------------------------------
Sequential             9.16e-12   1.10e-11   1.45e-08   1.46e-08  49.9%
Combinational          1.89e-11   4.95e-11   1.46e-08   1.46e-08  50.1%
Clock                  0.00e+00   0.00e+00   0.00e+00   0.00e+00   0.0%
Macro                  0.00e+00   0.00e+00   0.00e+00   0.00e+00   0.0%
Pad                    0.00e+00   0.00e+00   0.00e+00   0.00e+00   0.0%
----------------------------------------------------------------
Total                  2.81e-11   6.05e-11   2.91e-08   2.92e-08 100.0%
                           0.1%       0.2%      99.7%
