
==========================================================================
cts final report_tns
--------------------------------------------------------------------------
tns 0.00

==========================================================================
cts final report_wns
--------------------------------------------------------------------------
wns 0.00

==========================================================================
cts final report_worst_slack
--------------------------------------------------------------------------
worst slack INF

==========================================================================
cts final report_clock_skew
--------------------------------------------------------------------------
Clock clk
No launch/capture paths found.


==========================================================================
cts final report_checks -path_delay min
--------------------------------------------------------------------------
No paths found.

==========================================================================
cts final report_checks -path_delay max
--------------------------------------------------------------------------
No paths found.

==========================================================================
cts final report_checks -unconstrained
--------------------------------------------------------------------------
Startpoint: core.CPU_valid_taken_br_a4$_DFF_P_ (rising edge-triggered flip-flop)
Endpoint: core.CPU_Xreg_value_a4[15][13]$_SDFFE_PP0P_
          (rising edge-triggered flip-flop)
Path Group: unconstrained
Path Type: max

Fanout     Cap    Slew   Delay    Time   Description
-----------------------------------------------------------------------------
                  0.75    0.00    0.00 ^ core.CPU_valid_taken_br_a4$_DFF_P_/CLK (sky130_fd_sc_hd__dfxtp_1)
     2    0.01    0.04    0.46    0.46 v core.CPU_valid_taken_br_a4$_DFF_P_/Q (sky130_fd_sc_hd__dfxtp_1)
                                         core.CPU_valid_taken_br_a4 (net)
                  0.04    0.00    0.46 v _07913_/B (sky130_fd_sc_hd__or4_4)
    41    0.23    0.36    0.84    1.30 v _07913_/X (sky130_fd_sc_hd__or4_4)
                                         _02930_ (net)
                  0.36    0.01    1.31 v load_slew103/A (sky130_fd_sc_hd__buf_16)
    36    0.28    0.15    0.35    1.66 v load_slew103/X (sky130_fd_sc_hd__buf_16)
                                         net103 (net)
                  0.15    0.01    1.67 v max_cap102/A (sky130_fd_sc_hd__buf_16)
    24    0.27    0.15    0.26    1.94 v max_cap102/X (sky130_fd_sc_hd__buf_16)
                                         net102 (net)
                  0.16    0.04    1.97 v _07915_/A (sky130_fd_sc_hd__clkinv_16)
    43    0.48    0.31    0.25    2.22 ^ _07915_/Y (sky130_fd_sc_hd__clkinv_16)
                                         _02932_ (net)
                  0.38    0.11    2.33 ^ _09981_/C (sky130_fd_sc_hd__nor3_2)
     2    0.02    0.10    0.13    2.46 v _09981_/Y (sky130_fd_sc_hd__nor3_2)
                                         _04371_ (net)
                  0.10    0.00    2.46 v _09982_/B1 (sky130_fd_sc_hd__a21oi_4)
     6    0.10    0.70    0.57    3.03 ^ _09982_/Y (sky130_fd_sc_hd__a21oi_4)
                                         _04372_ (net)
                  0.70    0.00    3.03 ^ _09988_/A2 (sky130_fd_sc_hd__o21ai_4)
    16    0.11    0.31    0.36    3.39 v _09988_/Y (sky130_fd_sc_hd__o21ai_4)
                                         _04378_ (net)
                  0.31    0.00    3.39 v _11217_/A (sky130_fd_sc_hd__nor3_4)
    14    0.11    1.07    0.96    4.35 ^ _11217_/Y (sky130_fd_sc_hd__nor3_4)
                                         _05443_ (net)
                  1.07    0.00    4.35 ^ wire20/A (sky130_fd_sc_hd__buf_8)
    10    0.11    0.19    0.30    4.65 ^ wire20/X (sky130_fd_sc_hd__buf_8)
                                         net20 (net)
                  0.20    0.01    4.66 ^ _11238_/B (sky130_fd_sc_hd__nand2_4)
     5    0.04    0.22    0.13    4.79 v _11238_/Y (sky130_fd_sc_hd__nand2_4)
                                         _05460_ (net)
                  0.22    0.00    4.79 v _11240_/B1 (sky130_fd_sc_hd__o221ai_1)
     1    0.00    0.22    0.23    5.02 ^ _11240_/Y (sky130_fd_sc_hd__o221ai_1)
                                         _00708_ (net)
                  0.22    0.00    5.02 ^ core.CPU_Xreg_value_a4[15][13]$_SDFFE_PP0P_/D (sky130_fd_sc_hd__dfxtp_1)
                                  5.02   data arrival time
-----------------------------------------------------------------------------
(Path is unconstrained)



==========================================================================
cts final report_check_types -max_slew -max_cap -max_fanout -violators
--------------------------------------------------------------------------

==========================================================================
cts final max_slew_check_slack
--------------------------------------------------------------------------
0.05385647714138031

==========================================================================
cts final max_slew_check_limit
--------------------------------------------------------------------------
1.4951549768447876

==========================================================================
cts final max_slew_check_slack_limit
--------------------------------------------------------------------------
0.0360

==========================================================================
cts final max_fanout_check_slack
--------------------------------------------------------------------------
1.0000000150474662e+30

==========================================================================
cts final max_fanout_check_limit
--------------------------------------------------------------------------
1.0000000150474662e+30

==========================================================================
cts final max_capacitance_check_slack
--------------------------------------------------------------------------
0.005084257572889328

==========================================================================
cts final max_capacitance_check_limit
--------------------------------------------------------------------------
0.19410200417041779

==========================================================================
cts final max_capacitance_check_slack_limit
--------------------------------------------------------------------------
0.0262

==========================================================================
cts final max_slew_violation_count
--------------------------------------------------------------------------
max slew violation count 0

==========================================================================
cts final max_fanout_violation_count
--------------------------------------------------------------------------
max fanout violation count 0

==========================================================================
cts final max_cap_violation_count
--------------------------------------------------------------------------
max cap violation count 0

==========================================================================
cts final setup_violation_count
--------------------------------------------------------------------------
setup violation count 0

==========================================================================
cts final hold_violation_count
--------------------------------------------------------------------------
hold violation count 0

==========================================================================
cts final report_checks -path_delay max reg to reg
--------------------------------------------------------------------------
No paths found.

==========================================================================
cts final report_checks -path_delay min reg to reg
--------------------------------------------------------------------------
No paths found.

==========================================================================
cts final critical path target clock latency max path
--------------------------------------------------------------------------
0

==========================================================================
cts final critical path target clock latency min path
--------------------------------------------------------------------------
0

==========================================================================
cts final critical path source clock latency min path
--------------------------------------------------------------------------
0

==========================================================================
cts final critical path delay
--------------------------------------------------------------------------
-1

==========================================================================
cts final critical path slack
--------------------------------------------------------------------------
0

==========================================================================
cts final slack div critical path delay
--------------------------------------------------------------------------
0.000000

==========================================================================
cts final report_power
--------------------------------------------------------------------------
Group                  Internal  Switching    Leakage      Total
                          Power      Power      Power      Power (Watts)
----------------------------------------------------------------
Sequential             9.16e-12   1.11e-11   1.45e-08   1.46e-08  49.9%
Combinational          1.89e-11   4.96e-11   1.46e-08   1.46e-08  50.1%
Clock                  0.00e+00   0.00e+00   0.00e+00   0.00e+00   0.0%
Macro                  0.00e+00   0.00e+00   0.00e+00   0.00e+00   0.0%
Pad                    0.00e+00   0.00e+00   0.00e+00   0.00e+00   0.0%
----------------------------------------------------------------
Total                  2.81e-11   6.07e-11   2.91e-08   2.92e-08 100.0%
                           0.1%       0.2%      99.7%
