
==========================================================================
global place report_tns
--------------------------------------------------------------------------
tns -33579.64

==========================================================================
global place report_wns
--------------------------------------------------------------------------
wns -61.15

==========================================================================
global place report_worst_slack
--------------------------------------------------------------------------
worst slack -61.15

==========================================================================
global place report_checks -path_delay min
--------------------------------------------------------------------------
Startpoint: core.CPU_reset_a2$_DFF_P_
            (rising edge-triggered flip-flop clocked by clk)
Endpoint: core.CPU_reset_a3$_DFF_P_
          (rising edge-triggered flip-flop clocked by clk)
Path Group: clk
Path Type: min

Fanout     Cap    Slew   Delay    Time   Description
-----------------------------------------------------------------------------
                  0.00    0.00    0.00   clock clk (rise edge)
                          3.00    3.00   clock network delay (ideal)
                  0.00    0.00    3.00 ^ core.CPU_reset_a2$_DFF_P_/CLK (sky130_fd_sc_hd__dfxtp_1)
     1    0.00    0.03    0.28    3.28 ^ core.CPU_reset_a2$_DFF_P_/Q (sky130_fd_sc_hd__dfxtp_1)
                                         core.CPU_reset_a2 (net)
                  0.03    0.00    3.28 ^ core.CPU_reset_a3$_DFF_P_/D (sky130_fd_sc_hd__dfxtp_1)
                                  3.28   data arrival time

                  0.00    0.00    0.00   clock clk (rise edge)
                          3.00    3.00   clock network delay (ideal)
                          0.76    3.76   clock uncertainty
                          0.00    3.76   clock reconvergence pessimism
                                  3.76 ^ core.CPU_reset_a3$_DFF_P_/CLK (sky130_fd_sc_hd__dfxtp_1)
                         -0.03    3.72   library hold time
                                  3.72   data required time
-----------------------------------------------------------------------------
                                  3.72   data required time
                                 -3.28   data arrival time
-----------------------------------------------------------------------------
                                 -0.45   slack (VIOLATED)



==========================================================================
global place report_checks -path_delay max
--------------------------------------------------------------------------
Startpoint: core.CPU_reset_a3$_DFF_P_
            (rising edge-triggered flip-flop clocked by clk)
Endpoint: core.CPU_Xreg_value_a4[28][14]$_SDFFE_PP0P_
          (rising edge-triggered flip-flop clocked by clk)
Path Group: clk
Path Type: max

Fanout     Cap    Slew   Delay    Time   Description
-----------------------------------------------------------------------------
                  0.00    0.00    0.00   clock clk (rise edge)
                          3.00    3.00   clock network delay (ideal)
                  0.00    0.00    3.00 ^ core.CPU_reset_a3$_DFF_P_/CLK (sky130_fd_sc_hd__dfxtp_1)
   591    2.42   22.13   15.55   18.55 ^ core.CPU_reset_a3$_DFF_P_/Q (sky130_fd_sc_hd__dfxtp_1)
                                         core.CPU_reset_a3 (net)
                 22.15    0.56   19.11 ^ _10124_/A (sky130_fd_sc_hd__inv_1)
   464    1.72    0.00   51.76   70.88 v _10124_/Y (sky130_fd_sc_hd__inv_1)
                                         _04513_ (net)
                  0.00    0.12   71.00 v _10250_/C1 (sky130_fd_sc_hd__o211ai_1)
    31    0.19    3.61    1.45   72.45 ^ _10250_/Y (sky130_fd_sc_hd__o211ai_1)
                                         _04635_ (net)
                  3.61    0.07   72.52 ^ _12667_/A1 (sky130_fd_sc_hd__o21ai_0)
     1    0.00    0.39    0.33   72.85 v _12667_/Y (sky130_fd_sc_hd__o21ai_0)
                                         _01157_ (net)
                  0.39    0.00   72.85 v core.CPU_Xreg_value_a4[28][14]$_SDFFE_PP0P_/D (sky130_fd_sc_hd__dfxtp_1)
                                 72.85   data arrival time

                  0.00    9.45    9.45   clock clk (rise edge)
                          3.00   12.45   clock network delay (ideal)
                         -0.47   11.98   clock uncertainty
                          0.00   11.98   clock reconvergence pessimism
                                 11.98 ^ core.CPU_Xreg_value_a4[28][14]$_SDFFE_PP0P_/CLK (sky130_fd_sc_hd__dfxtp_1)
                         -0.27   11.70   library setup time
                                 11.70   data required time
-----------------------------------------------------------------------------
                                 11.70   data required time
                                -72.85   data arrival time
-----------------------------------------------------------------------------
                                -61.15   slack (VIOLATED)



==========================================================================
global place report_checks -unconstrained
--------------------------------------------------------------------------
Startpoint: core.CPU_reset_a3$_DFF_P_
            (rising edge-triggered flip-flop clocked by clk)
Endpoint: core.CPU_Xreg_value_a4[28][14]$_SDFFE_PP0P_
          (rising edge-triggered flip-flop clocked by clk)
Path Group: clk
Path Type: max

Fanout     Cap    Slew   Delay    Time   Description
-----------------------------------------------------------------------------
                  0.00    0.00    0.00   clock clk (rise edge)
                          3.00    3.00   clock network delay (ideal)
                  0.00    0.00    3.00 ^ core.CPU_reset_a3$_DFF_P_/CLK (sky130_fd_sc_hd__dfxtp_1)
   591    2.42   22.13   15.55   18.55 ^ core.CPU_reset_a3$_DFF_P_/Q (sky130_fd_sc_hd__dfxtp_1)
                                         core.CPU_reset_a3 (net)
                 22.15    0.56   19.11 ^ _10124_/A (sky130_fd_sc_hd__inv_1)
   464    1.72    0.00   51.76   70.88 v _10124_/Y (sky130_fd_sc_hd__inv_1)
                                         _04513_ (net)
                  0.00    0.12   71.00 v _10250_/C1 (sky130_fd_sc_hd__o211ai_1)
    31    0.19    3.61    1.45   72.45 ^ _10250_/Y (sky130_fd_sc_hd__o211ai_1)
                                         _04635_ (net)
                  3.61    0.07   72.52 ^ _12667_/A1 (sky130_fd_sc_hd__o21ai_0)
     1    0.00    0.39    0.33   72.85 v _12667_/Y (sky130_fd_sc_hd__o21ai_0)
                                         _01157_ (net)
                  0.39    0.00   72.85 v core.CPU_Xreg_value_a4[28][14]$_SDFFE_PP0P_/D (sky130_fd_sc_hd__dfxtp_1)
                                 72.85   data arrival time

                  0.00    9.45    9.45   clock clk (rise edge)
                          3.00   12.45   clock network delay (ideal)
                         -0.47   11.98   clock uncertainty
                          0.00   11.98   clock reconvergence pessimism
                                 11.98 ^ core.CPU_Xreg_value_a4[28][14]$_SDFFE_PP0P_/CLK (sky130_fd_sc_hd__dfxtp_1)
                         -0.27   11.70   library setup time
                                 11.70   data required time
-----------------------------------------------------------------------------
                                 11.70   data required time
                                -72.85   data arrival time
-----------------------------------------------------------------------------
                                -61.15   slack (VIOLATED)



==========================================================================
global place report_power
--------------------------------------------------------------------------
Group                  Internal  Switching    Leakage      Total
                          Power      Power      Power      Power (Watts)
----------------------------------------------------------------
Sequential             8.21e-03   1.25e-03   1.45e-08   9.45e-03  61.7%
Combinational          1.27e-03   4.61e-03   1.04e-08   5.88e-03  38.3%
Clock                  0.00e+00   0.00e+00   0.00e+00   0.00e+00   0.0%
Macro                  0.00e+00   0.00e+00   0.00e+00   0.00e+00   0.0%
Pad                    0.00e+00   0.00e+00   0.00e+00   0.00e+00   0.0%
----------------------------------------------------------------
Total                  9.47e-03   5.86e-03   2.49e-08   1.53e-02 100.0%
                          61.8%      38.2%       0.0%
