
==========================================================================
global place report_tns
--------------------------------------------------------------------------
tns 0.00

==========================================================================
global place report_wns
--------------------------------------------------------------------------
wns 0.00

==========================================================================
global place report_worst_slack
--------------------------------------------------------------------------
worst slack INF

==========================================================================
global place report_checks -path_delay min
--------------------------------------------------------------------------
No paths found.

==========================================================================
global place report_checks -path_delay max
--------------------------------------------------------------------------
No paths found.

==========================================================================
global place report_checks -unconstrained
--------------------------------------------------------------------------
Startpoint: core.CPU_reset_a3$_DFF_P_ (rising edge-triggered flip-flop)
Endpoint: core.CPU_Xreg_value_a4[24][17]$_SDFFE_PP0P_
          (rising edge-triggered flip-flop)
Path Group: unconstrained
Path Type: max

Fanout     Cap    Slew   Delay    Time   Description
-----------------------------------------------------------------------------
                  1.12    0.00    0.00 ^ core.CPU_reset_a3$_DFF_P_/CLK (sky130_fd_sc_hd__dfxtp_1)
   591    2.44   22.20   15.63   15.63 ^ core.CPU_reset_a3$_DFF_P_/Q (sky130_fd_sc_hd__dfxtp_1)
                                         core.CPU_reset_a3 (net)
                 22.23    0.73   16.36 ^ _10124_/A (sky130_fd_sc_hd__inv_1)
   464    1.73    0.00   52.29   68.65 v _10124_/Y (sky130_fd_sc_hd__inv_1)
                                         _04513_ (net)
                  0.00    0.18   68.83 v _10323_/C1 (sky130_fd_sc_hd__o211ai_1)
    31    0.19    3.67    1.48   70.31 ^ _10323_/Y (sky130_fd_sc_hd__o211ai_1)
                                         _04705_ (net)
                  3.67    0.07   70.38 ^ _12288_/A1 (sky130_fd_sc_hd__o21ai_0)
     1    0.00    0.40    0.34   70.73 v _12288_/Y (sky130_fd_sc_hd__o21ai_0)
                                         _01032_ (net)
                  0.40    0.00   70.73 v core.CPU_Xreg_value_a4[24][17]$_SDFFE_PP0P_/D (sky130_fd_sc_hd__dfxtp_1)
                                 70.73   data arrival time
-----------------------------------------------------------------------------
(Path is unconstrained)



==========================================================================
global place report_power
--------------------------------------------------------------------------
Group                  Internal  Switching    Leakage      Total
                          Power      Power      Power      Power (Watts)
----------------------------------------------------------------
Sequential             8.14e-12   1.06e-11   1.45e-08   1.45e-08  58.0%
Combinational          1.10e-11   4.05e-11   1.04e-08   1.05e-08  42.0%
Clock                  0.00e+00   0.00e+00   0.00e+00   0.00e+00   0.0%
Macro                  0.00e+00   0.00e+00   0.00e+00   0.00e+00   0.0%
Pad                    0.00e+00   0.00e+00   0.00e+00   0.00e+00   0.0%
----------------------------------------------------------------
Total                  1.91e-11   5.12e-11   2.49e-08   2.50e-08 100.0%
                           0.1%       0.2%      99.7%
