violation type: Horizontal congestion
	srcs: net:RV_TO_DAC\[8\]
	comment: capacity:0 usage:1 overflow:1
	bbox = (1262.7000, 910.8000) - (1269.6000, 917.7000) on Layer -
violation type: Horizontal congestion
	srcs: net:RV_TO_DAC\[9\]
	comment: capacity:0 usage:1 overflow:1
	bbox = (1297.2000, 931.5000) - (1304.1000, 938.4000) on Layer -
violation type: Horizontal congestion
	srcs: net:net7
	comment: capacity:0 usage:1 overflow:1
	bbox = (1317.9000, 1407.6000) - (1324.8000, 1414.5000) on Layer -
violation type: Vertical congestion
	srcs: net:RV_TO_DAC\[8\]
	comment: capacity:0 usage:1 overflow:1
	bbox = (1269.6000, 897.0000) - (1276.5000, 903.9000) on Layer -
violation type: Vertical congestion
	srcs: net:RV_TO_DAC\[8\]
	comment: capacity:0 usage:1 overflow:1
	bbox = (1269.6000, 903.9000) - (1276.5000, 910.8000) on Layer -
violation type: Vertical congestion
	srcs: net:RV_TO_DAC\[9\]
	comment: capacity:0 usage:1 overflow:1
	bbox = (1304.1000, 897.0000) - (1311.0000, 903.9000) on Layer -
violation type: Vertical congestion
	srcs: net:RV_TO_DAC\[9\]
	comment: capacity:0 usage:1 overflow:1
	bbox = (1304.1000, 903.9000) - (1311.0000, 910.8000) on Layer -
violation type: Vertical congestion
	srcs: net:RV_TO_DAC\[9\]
	comment: capacity:0 usage:1 overflow:1
	bbox = (1304.1000, 910.8000) - (1311.0000, 917.7000) on Layer -
violation type: Vertical congestion
	srcs: net:RV_TO_DAC\[9\]
	comment: capacity:0 usage:1 overflow:1
	bbox = (1304.1000, 917.7000) - (1311.0000, 924.6000) on Layer -
violation type: Vertical congestion
	srcs: net:RV_TO_DAC\[9\]
	comment: capacity:0 usage:1 overflow:1
	bbox = (1304.1000, 924.6000) - (1311.0000, 931.5000) on Layer -
violation type: Vertical congestion
	srcs: net:net7
	comment: capacity:0 usage:1 overflow:1
	bbox = (1324.8000, 1407.6000) - (1331.7000, 1414.5000) on Layer -
