violation type: Vertical congestion
	srcs: net:RV_TO_DAC\[8\]
	comment: capacity:0 usage:1 overflow:1
	bbox = (1262.7000, 897.0000) - (1269.6000, 903.9000) on Layer -
violation type: Vertical congestion
	srcs: net:RV_TO_DAC\[8\]
	comment: capacity:0 usage:1 overflow:1
	bbox = (1262.7000, 903.9000) - (1269.6000, 910.8000) on Layer -
violation type: Vertical congestion
	srcs: net:RV_TO_DAC\[9\]
	comment: capacity:0 usage:1 overflow:1
	bbox = (1297.2000, 897.0000) - (1304.1000, 903.9000) on Layer -
violation type: Vertical congestion
	srcs: net:RV_TO_DAC\[9\]
	comment: capacity:0 usage:1 overflow:1
	bbox = (1297.2000, 903.9000) - (1304.1000, 910.8000) on Layer -
violation type: Vertical congestion
	srcs: net:RV_TO_DAC\[9\]
	comment: capacity:0 usage:1 overflow:1
	bbox = (1297.2000, 910.8000) - (1304.1000, 917.7000) on Layer -
violation type: Vertical congestion
	srcs: net:RV_TO_DAC\[9\]
	comment: capacity:0 usage:1 overflow:1
	bbox = (1297.2000, 917.7000) - (1304.1000, 924.6000) on Layer -
violation type: Vertical congestion
	srcs: net:RV_TO_DAC\[9\]
	comment: capacity:0 usage:1 overflow:1
	bbox = (1297.2000, 924.6000) - (1304.1000, 931.5000) on Layer -
violation type: Vertical congestion
	srcs: net:net7
	comment: capacity:0 usage:1 overflow:1
	bbox = (1317.9000, 1407.6000) - (1324.8000, 1414.5000) on Layer -
